[
  {
    "Seed": "000102030405060708090a0b0c0d0e0f",
    "Chains": [
      {
        "Path": "m",
        "ExtendedPublicKey": "xpub661MyMwAqRbcFtXgS5sYJABqqG9YLmC4Q1Rdap9gSE8NqtwybGhePY2gZ29ESFjqJoCu1Rupje8YtGqsefD265TMg7usUDFdp6W1EGMcet8",
        "ExtendedPrivateKey": "xprv9s21ZrQH143K3QTDL4LXw2F7HEK3wJUD2nW2nRk4stbPy6cq3jPPqjiChkVvvNKmPGJxWUtg6LnF5kejMRNNU3TGtRBeJgk33yuGBxrMPHi"
      },
      {
        "Path": "m/0",
        "ExtendedPublicKey": "xpub68Gmy5EVb2BdFbj2LpWrk1M7obNuaPTpT5oh9QCCo5sRfqSHVYWex97WpDZzszdzHzxXDAzPLVSwybe4uPYkSk4G3gnrPqqkV9RyNzAcNJ1",
        "ExtendedPrivateKey": "xprv9uHRZZhbkedL37eZEnyrNsQPFZYRAvjy5rt6M1nbEkLSo378x1CQQLo2xxBvREwiK6kqf7GRNvsNEchwibzXaV6i5GcsgyjBeRguXhKsi4R"
      },
      {
        "Path": "m/0/1",
        "ExtendedPublicKey": "xpub6AvUGrnEpfvJBbfx7sQ89Q8hEMPM65UteqEX4yUbUiES2jHfjexmfJoxCGSwFMZiPBaKQT1RiKWrKfuDV4vpgVs4Xn8PpPTR2i79rwHd4Zr",
        "ExtendedPrivateKey": "xprv9ww7sMFLzJMzy7bV1qs7nGBxgKYrgcm3HcJvGb4yvNhT9vxXC7eX7WVULzCfxucFEn2TsVvJw25hH9d4mchywguGQCZvRgsiRaTY1HCqN8G"
      },
      {
        "Path": "m/0/1/2",
        "ExtendedPublicKey": "xpub6BqyndF6rhZqmgktFCBcapkwubGxPqoAZtQaYewJHXVKZcLdnqBVC8N6f6FSHWUghjuTLeubWyQWfJdk2G3tGgvgj3qngo4vLTnnSjAZckv",
        "ExtendedPrivateKey": "xprv9xrdP7iD2L1YZCgR9AecDgpDMZSTzP5KCfUykGXgjBxLgp1VFHsEeL3conzGAkbc1MigG1o8YqmfEA2jtkPdf4vwMaGJC2YSDbBTPAjfRUi"
      },
      {
        "Path": "m/0/1/2/2",
        "ExtendedPublicKey": "xpub6FHUhLbYYkgFQiFrDiXRfQFXBB2msCxKTsNyAExi6keFxQ8sHfwpogY3p3s1ePSpUqLNYks5T6a3JqpCGszt4kxbyq7tUoFP5c8KWyiDtPp",
        "ExtendedPrivateKey": "xprvA2J8Hq4eiP7xCEBP7gzRJGJnd9CHTkEU6eTNMrZ6YR7H5boik8daFtDZxmJDfdMSKHwroCfAfsBKWWidRfBQjpegy6kzXSkQGGoMdWKz5Xh"
      },
      {
        "Path": "m/0/1/2/2/1000000000",
        "ExtendedPublicKey": "xpub6GX3zWVgSgPc5tgjE6ogT9nfwSADD3tdsxpzd7jJoJMqSY12Be6VQEFwDCp6wAQoZsH2iq5nNocHEaVDxBcobPrkZCjYW3QUmoDYzMFBDu9",
        "ExtendedPrivateKey": "xprvA3XhazxncJqJsQcG85Gg61qwPQKiobAnWjuPpjKhExprZjfse6nErRwTMwGe6uGWXPSykZSTiYb2TXAm7Qhwj8KgRd2XaD21Styu6h6AwFz"
      }
    ]
  },
  {
    "Seed": "fffcf9f6f3f0edeae7e4e1dedbd8d5d2cfccc9c6c3c0bdbab7b4b1aeaba8a5a29f9c999693908d8a8784817e7b7875726f6c696663605d5a5754514e4b484542",
    "Chains": [
      {
        "Path": "m",
        "ExtendedPublicKey": "xpub661MyMwAqRbcFW31YEwpkMuc5THy2PSt5bDMsktWQcFF8syAmRUapSCGu8ED9W6oDMSgv6Zz8idoc4a6mr8BDzTJY47LJhkJ8UB7WEGuduB",
        "ExtendedPrivateKey": "xprv9s21ZrQH143K31xYSDQpPDxsXRTUcvj2iNHm5NUtrGiGG5e2DtALGdso3pGz6ssrdK4PFmM8NSpSBHNqPqm55Qn3LqFtT2emdEXVYsCzC2U"
      },
      {
        "Path": "m/0",
        "ExtendedPublicKey": "xpub69H7F5d8KSRgmmdJg2KhpAK8SR3DjMwAdkxj3ZuxV27CprR9LgpeyGmXUbC6wb7ERfvrnKZjXoUmmDznezpbZb7ap6r1D3tgFxHmwMkQTPH",
        "ExtendedPrivateKey": "xprv9vHkqa6EV4sPZHYqZznhT2NPtPCjKuDKGY38FBWLvgaDx45zo9WQRUT3dKYnjwih2yJD9mkrocEZXo1ex8G81dwSM1fwqWpWkeS3v86pgKt"
      },
      {
        "Path": "m/0/2147483647",
        "ExtendedPublicKey": "xpub6ASAVgeWMg4pmutghzHG3BohahjwNwPmy2DgM6W9wGegtPrvNgjBwuZRD7hSDFhYfunq8vDgwG4ah1gVzZysgp3UsKz7VNjCnSUJJ5T4fdD",
        "ExtendedPrivateKey": "xprv9wSp6B7cXJWXZRpDbxkFg3ry2fuSyUfvboJ5Yi6YNw7i1bXmq9QwQ7EwMpeG4cK2pnMqEx1cLYD7cSGSCtruGSXC6ZSVDHugMsZgbuY62m6"
      },
      {
        "Path": "m/0/2147483647/1",
        "ExtendedPublicKey": "xpub6CrnV7NzJy4VdgP5niTpqWJiFXMAca6qBm5Hfsry77SQmN1HGYHnjsZSujoHzdxf7ZNK5UVrmDXFPiEW2ecwHGWMFGUxPC9ARipss9rXd4b",
        "ExtendedPrivateKey": "xprv9ysS5br6UbWCRCJcggvpUNMyhVWgD7NypY9gsVTMYmuRtZg8izyYC5Ey4T931WgWbfJwRDwfVFqV3b29gqHDbuEpGcbzf16pdomk54NXkSm"
      },
      {
        "Path": "m/0/2147483647/1/2147483646",
        "ExtendedPublicKey": "xpub6FL2423qFaWzHCvBndkN9cbkn5cysiUeFq4eb9t9kE88jcmY63tNuLNRzpHPdAM4dUpLhZ7aUm2cJ5zF7KYonf4jAPfRqTMTRBNkQL3Tfta",
        "ExtendedPrivateKey": "xprvA2LfeWWwRCxh4iqigcDMnUf2E3nVUFkntc93nmUYBtb9rpSPYWa8MY3x9ZHSLZkg4G84UefrDruVK3FhMLSJsGtBx883iddHNuH1LNpRrEp"
      },
      {
        "Path": "m/0/2147483647/1/2147483646/2",
        "ExtendedPublicKey": "xpub6H7WkJf547AiSwAbX6xsm8Bmq9M9P1Gjequ5SipsjipWmtXSyp4C3uwzewedGEgAMsDy4jEvNTWtxLyqqHY9C12gaBmgUdk2CGmwachwnWK",
        "ExtendedPrivateKey": "xprvA48ALo8BDjcRET68R5RsPzF3H7WeyYYtHcyUeLRGBPHXu6CJSGjwW7dWoeUWTEzT7LG3qk6Eg6x2ZoqD8gtyEFZecpAyvchksfLyg3Zbqam"
      }
    ]
  },
  {
    "Seed": " 000000000000000000000000000000da",
    "Chains": [
      {
        "Path": "m",
        "ExtendedPublicKey": "xpub661MyMwAqRbcGjVZxQBqbSzxjjGAkCEBsv5edKYLQ1hJcvN8NXPNwKvLqkVtUKmJDFkW4dvPgYTuPMbBthVBQcdLU49VP2ektnErpaiksrv",
        "ExtendedPrivateKey": "xprv9s21ZrQH143K4FR6rNeqEK4EBhRgLjWLWhA3pw8iqgAKk82ypz58PXbrzU19opYcxw8JDJQF4id55PwTsN1Zv8Xt6SKvbr2KNU5y8jN8djz"
      },
      {
        "Path": "m/0",
        "ExtendedPublicKey": "xpub68BRiMRPYjKypeRx4eQBZKBtfqNgnKnTBDKCnJkHByGGghPzuFaUqX9TzNJGzkgfrHxdGvF1i4s9zC3963Uwq5q4sURqov1h4cLvWmMR4B9",
        "ExtendedPrivateKey": "xprv9uC5JqtViMmgcAMUxcsBCBFA7oYCNs4bozPbyvLfddjHou4rMiGEHipz94xNaPb1e4f18TRoPXfiXx4C3cDAcADqxCSRSSWLvMBRWPctSN9"
      }
    ]
  }
]
